~/workspace$ git add .
~/workspace$ git commit -m "Update code for Render deployment"
husky - DEPRECATED

Please remove the following two lines from .husky/pre-commit:

#!/usr/bin/env sh
. "$(dirname -- "$0")/_/husky.sh"

They WILL FAIL in v10.0.0

🔍  Finding changed files since git revision 944551d.
🎯  Found 0 changed files.
✅  Everything is awesome!
On branch main
Your branch is ahead of 'origin/main' by 2 commits.
  (use "git push" to publish your local commits)

nothing to commit, working tree clean
~/workspace$ git push --no-verify
Enumerating objects: 72, done.
Counting objects: 100% (72/72), done.
Delta compression using up to 8 threads
Compressing objects: 100% (39/39), done.
Writing objects: 100% (41/41), 9.20 KiB | 2.30 MiB/s, done.
Total 41 (delta 37), reused 0 (delta 0), pack-reused 0 (from 0)
remote: Resolving deltas: 100% (37/37), completed with 29 local objects.
To https://github.com/Mohamed-B-ak/siyadah-whatsapp-saas.git
   a5fb736..944551d  main -> main
~/workspace$ git add .
~/workspace$ git commit -m "Update code for Render deployment"
husky - DEPRECATED

Please remove the following two lines from .husky/pre-commit:

#!/usr/bin/env sh
. "$(dirname -- "$0")/_/husky.sh"

They WILL FAIL in v10.0.0

🔍  Finding changed files since git revision 531a43e.
🎯  Found 0 changed files.
✅  Everything is awesome!
On branch main
Your branch is ahead of 'origin/main' by 2 commits.
  (use "git push" to publish your local commits)

nothing to commit, working tree clean
~/workspace$ git push --no-verify
Enumerating objects: 13, done.
Counting objects: 100% (13/13), done.
Delta compression using up to 8 threads
Compressing objects: 100% (9/9), done.
Writing objects: 100% (9/9), 2.57 KiB | 2.57 MiB/s, done.
Total 9 (delta 6), reused 0 (delta 0), pack-reused 0 (from 0)
remote: Resolving deltas: 100% (6/6), completed with 4 local objects.
To https://github.com/Mohamed-B-ak/siyadah-whatsapp-saas.git
   944551d..531a43e  main -> main
~/workspace$ git add .
~/workspace$ git commit -m "Update code for Render deployment"
husky - DEPRECATED

Please remove the following two lines from .husky/pre-commit:

#!/usr/bin/env sh
. "$(dirname -- "$0")/_/husky.sh"

They WILL FAIL in v10.0.0

🔍  Finding changed files since git revision 531a43e.
🎯  Found 2 changed files.
✍️  Fixing up replit.md.
✍️  Fixing up src/controller/catalogController.ts.
✅  Everything is awesome!
husky - DEPRECATED

Please remove the following two lines from .husky/commit-msg:

#!/usr/bin/env sh
. "$(dirname -- "$0")/_/husky.sh"

They WILL FAIL in v10.0.0

⧗   input: Update code for Render deployment
✖   subject may not be empty [subject-empty]
✖   type may not be empty [type-empty]

✖   found 2 problems, 0 warnings
ⓘ   Get help: https://github.com/conventional-changelog/commitlint/#what-is-commitlint

husky - commit-msg script failed (code 1)
~/workspace$ git commit -m "Update code for Render deployment"